base referer
rect $interfaceplp_1_1puma_1_1expressao_1_1_expressao.html 7,411 215,437
rect $classplp_1_1puma_1_1expressao_1_1binaria_1_1_exp_binaria.html 299,157 552,184
rect $interfaceplp_1_1puma_1_1expressao_1_1left_expression_1_1_left_expression.html 264,360 587,387
rect $classplp_1_1puma_1_1expressao_1_1_this.html 340,411 511,437
rect $classplp_1_1puma_1_1expressao_1_1unaria_1_1_exp_unaria.html 302,461 550,488
rect $interfaceplp_1_1puma_1_1expressao_1_1valor_1_1_valor.html 322,563 530,589
rect $classplp_1_1puma_1_1expressao_1_1binaria_1_1_exp_and.html 680,5 915,32
rect $classplp_1_1puma_1_1expressao_1_1binaria_1_1_exp_concat.html 671,56 924,83
rect $classplp_1_1puma_1_1expressao_1_1binaria_1_1_exp_equals.html 671,107 924,133
rect $classplp_1_1puma_1_1expressao_1_1binaria_1_1_exp_or.html 684,157 911,184
rect $classplp_1_1puma_1_1expressao_1_1binaria_1_1_exp_soma.html 674,208 922,235
rect $classplp_1_1puma_1_1expressao_1_1binaria_1_1_exp_sub.html 680,259 915,285
rect $classplp_1_1puma_1_1expressao_1_1left_expression_1_1_acesso_atributo.html 636,309 959,336
rect $classplp_1_1puma_1_1expressao_1_1left_expression_1_1_id.html 675,360 920,387
rect $classplp_1_1puma_1_1expressao_1_1left_expression_1_1_acesso_atributo_id.html 1016,284 1350,311
rect $classplp_1_1puma_1_1expressao_1_1left_expression_1_1_acesso_atributo_this.html 1008,335 1358,361
rect $classplp_1_1puma_1_1expressao_1_1unaria_1_1_exp_length.html 672,411 923,437
rect $classplp_1_1puma_1_1expressao_1_1unaria_1_1_exp_menos.html 674,461 922,488
rect $classplp_1_1puma_1_1expressao_1_1unaria_1_1_exp_not.html 683,512 912,539
rect $classplp_1_1puma_1_1expressao_1_1valor_1_1_valor_concreto.html 666,563 930,589
rect $classplp_1_1puma_1_1expressao_1_1valor_1_1_valor_ref.html 683,613 912,640
rect $classplp_1_1puma_1_1expressao_1_1valor_1_1_valor_booleano.html 1051,461 1315,488
rect $classplp_1_1puma_1_1expressao_1_1valor_1_1_valor_enum.html 1062,512 1304,539
rect $classplp_1_1puma_1_1expressao_1_1valor_1_1_valor_inteiro.html 1060,563 1306,589
rect $classplp_1_1puma_1_1expressao_1_1valor_1_1_valor_null.html 1067,613 1299,640
rect $classplp_1_1puma_1_1expressao_1_1valor_1_1_valor_string.html 1062,664 1304,691
